// Jest Snapshot v1, https://goo.gl/fbAQLP

exports[`render the button as the snapShot we expected 1`] = `
<View
  accessibilityState={
    {
      "busy": undefined,
      "checked": undefined,
      "disabled": undefined,
      "expanded": undefined,
      "selected": undefined,
    }
  }
  accessibilityValue={
    {
      "max": undefined,
      "min": undefined,
      "now": undefined,
      "text": undefined,
    }
  }
  accessible={true}
  collapsable={false}
  focusable={true}
  onBlur={[Function]}
  onClick={[Function]}
  onFocus={[Function]}
  onResponderGrant={[Function]}
  onResponderMove={[Function]}
  onResponderRelease={[Function]}
  onResponderTerminate={[Function]}
  onResponderTerminationRequest={[Function]}
  onStartShouldSetResponder={[Function]}
  style={
    {
      "alignItems": "center",
      "backgroundColor": "#00a2ff",
      "borderRadius": 10,
      "paddingHorizontal": 50,
      "paddingVertical": 20,
    }
  }
>
  <Text
    style={
      [
        {},
        {
          "fontSize": 20,
        },
      ]
    }
  >
    Hello World
  </Text>
</View>
`;
