// Jest Snapshot v1, https://goo.gl/fbAQLP

exports[`render the searchInput as snapShot expected 1`] = `
<TextInput
  placeholder="Search input"
  placeholderTextColor="black"
  style={
    {
      "backgroundColor": "lightgray",
      "borderRadius": 5,
      "fontSize": 17,
      "fontWeight": "600",
      "marginBottom": 24,
      "marginLeft": 16,
      "marginRight": 16,
      "marginTop": 24,
      "padding": 20,
      "paddingLeft": 150,
    }
  }
/>
`;
